
> sanskrit-grammar-book-site@0.1.0 build
> docusaurus build

[INFO] [ru] Creating an optimized production build...
[90m[[90mwebpackbar[90m][39m [36mℹ[39m Compiling Client
[90m[[90mwebpackbar[90m][39m [36mℹ[39m Compiling Server
[90m[[90mwebpackbar[90m][39m [32m✔[39m Server: Compiled successfully in 10.55s
[90m[[90mwebpackbar[90m][39m [32m✔[39m Client: Compiled successfully in 11.50s
[WARNING] Docusaurus found broken anchors!

Please check the pages of your site in the list below, and make sure you don't reference any anchor that does not exist.
Note: it's possible to ignore broken anchors with the 'onBrokenAnchors' Docusaurus configuration, and let the build pass.

Exhaustive list of all broken anchors found:
- Broken anchor on source page path = /SanskritGrammar/grammars/GasunsDhatu_2014/gasuns-dhatu-PhD-text2:
   -> linking to #%D0%B8%D0%BD%D0%B4%D0%B8%D0%B9%D1%81%D0%BA%D0%B8%D0%B5-%D0%B8%D1%81%D1%81%D0%BB%D0%B5%D0%B4%D0%BE%D0%B2%D0%B0%D0%BD%D0%B8%D1%8F (resolved as: /SanskritGrammar/grammars/GasunsDhatu_2014/gasuns-dhatu-PhD-text2#%D0%B8%D0%BD%D0%B4%D0%B8%D0%B9%D1%81%D0%BA%D0%B8%D0%B5-%D0%B8%D1%81%D1%81%D0%BB%D0%B5%D0%B4%D0%BE%D0%B2%D0%B0%D0%BD%D0%B8%D1%8F)
   -> linking to #%D0%B5%D0%B2%D1%80%D0%BE%D0%BF%D0%B5%D0%B9%D1%81%D0%BA%D0%B8%D0%B5-%D0%B8%D1%81%D1%81%D0%BB%D0%B5%D0%B4%D0%BE%D0%B2%D0%B0%D0%BD%D0%B8%D1%8F (resolved as: /SanskritGrammar/grammars/GasunsDhatu_2014/gasuns-dhatu-PhD-text2#%D0%B5%D0%B2%D1%80%D0%BE%D0%BF%D0%B5%D0%B9%D1%81%D0%BA%D0%B8%D0%B5-%D0%B8%D1%81%D1%81%D0%BB%D0%B5%D0%B4%D0%BE%D0%B2%D0%B0%D0%BD%D0%B8%D1%8F)
   -> linking to #%D0%B7%D0%B0%D1%80%D0%BE%D0%B6%D0%B4%D0%B5%D0%BD%D0%B8%D0%B5-%D0%B3%D1%80%D0%B0%D0%BC%D0%BC%D0%B0%D1%82%D0%B8%D1%87%D0%B5%D1%81%D0%BA%D0%BE%D0%B3%D0%BE-%D0%B0%D0%BD%D0%B0%D0%BB%D0%B8%D0%B7%D0%B0-%D0%B2-%D0%B8%D0%BD%D0%B4%D0%B8%D0%B8 (resolved as: /SanskritGrammar/grammars/GasunsDhatu_2014/gasuns-dhatu-PhD-text2#%D0%B7%D0%B0%D1%80%D0%BE%D0%B6%D0%B4%D0%B5%D0%BD%D0%B8%D0%B5-%D0%B3%D1%80%D0%B0%D0%BC%D0%BC%D0%B0%D1%82%D0%B8%D1%87%D0%B5%D1%81%D0%BA%D0%BE%D0%B3%D0%BE-%D0%B0%D0%BD%D0%B0%D0%BB%D0%B8%D0%B7%D0%B0-%D0%B2-%D0%B8%D0%BD%D0%B4%D0%B8%D0%B8)
   -> linking to #%D0%BF%D0%BE%D0%BD%D1%8F%D1%82%D0%B8%D0%B5-dh%C4%81tu-%D0%B8-%D0%B5%D0%B3%D0%BE-%D0%B8%D0%BD%D1%82%D0%B5%D1%80%D0%BF%D1%80%D0%B5%D1%82%D0%B0%D1%86%D0%B8%D1%8F-%D0%B2-%D0%BB%D0%B8%D0%BD%D0%B3%D0%B2%D0%B8%D1%81%D1%82%D0%B8%D0%BA%D0%B5 (resolved as: /SanskritGrammar/grammars/GasunsDhatu_2014/gasuns-dhatu-PhD-text2#%D0%BF%D0%BE%D0%BD%D1%8F%D1%82%D0%B8%D0%B5-dh%C4%81tu-%D0%B8-%D0%B5%D0%B3%D0%BE-%D0%B8%D0%BD%D1%82%D0%B5%D1%80%D0%BF%D1%80%D0%B5%D1%82%D0%B0%D1%86%D0%B8%D1%8F-%D0%B2-%D0%BB%D0%B8%D0%BD%D0%B3%D0%B2%D0%B8%D1%81%D1%82%D0%B8%D0%BA%D0%B5)
   -> linking to #%D1%80%D0%BE%D0%BB%D1%8C-%D0%BA%D0%BE%D1%80%D0%BD%D1%8F-%D0%B2-%D1%81%D0%B8%D1%81%D1%82%D0%B5%D0%BC%D0%B5-%D0%B4%D1%80%D0%B5%D0%B2%D0%BD%D0%B5%D0%B8%D0%BD%D0%B4%D0%B8%D0%B9%D1%81%D0%BA%D0%BE%D0%B3%D0%BE-%D1%8F%D0%B7%D1%8B%D0%BA%D0%B0 (resolved as: /SanskritGrammar/grammars/GasunsDhatu_2014/gasuns-dhatu-PhD-text2#%D1%80%D0%BE%D0%BB%D1%8C-%D0%BA%D0%BE%D1%80%D0%BD%D1%8F-%D0%B2-%D1%81%D0%B8%D1%81%D1%82%D0%B5%D0%BC%D0%B5-%D0%B4%D1%80%D0%B5%D0%B2%D0%BD%D0%B5%D0%B8%D0%BD%D0%B4%D0%B8%D0%B9%D1%81%D0%BA%D0%BE%D0%B3%D0%BE-%D1%8F%D0%B7%D1%8B%D0%BA%D0%B0)
   -> linking to #%D1%84%D0%BE%D1%80%D0%BC%D0%B0%D0%BB%D1%8C%D0%BD%D1%8B%D0%B5-%D0%BF%D0%BE%D0%BA%D0%B0%D0%B7%D0%B0%D1%82%D0%B5%D0%BB%D0%B8-%D0%BA%D0%BE%D1%80%D0%BD%D1%8F (resolved as: /SanskritGrammar/grammars/GasunsDhatu_2014/gasuns-dhatu-PhD-text2#%D1%84%D0%BE%D1%80%D0%BC%D0%B0%D0%BB%D1%8C%D0%BD%D1%8B%D0%B5-%D0%BF%D0%BE%D0%BA%D0%B0%D0%B7%D0%B0%D1%82%D0%B5%D0%BB%D0%B8-%D0%BA%D0%BE%D1%80%D0%BD%D1%8F)
   -> linking to #%D0%BF%D0%B5%D1%80%D0%B2%D0%B8%D1%87%D0%BD%D1%8B%D0%B5-%D0%B8-%D0%B2%D1%82%D0%BE%D1%80%D0%B8%D1%87%D0%BD%D1%8B%D0%B5-%D0%BA%D0%BE%D1%80%D0%BD%D0%B8 (resolved as: /SanskritGrammar/grammars/GasunsDhatu_2014/gasuns-dhatu-PhD-text2#%D0%BF%D0%B5%D1%80%D0%B2%D0%B8%D1%87%D0%BD%D1%8B%D0%B5-%D0%B8-%D0%B2%D1%82%D0%BE%D1%80%D0%B8%D1%87%D0%BD%D1%8B%D0%B5-%D0%BA%D0%BE%D1%80%D0%BD%D0%B8)
   -> linking to #%D1%83%D1%81%D1%82%D1%80%D0%BE%D0%B9%D1%81%D1%82%D0%B2%D0%BE-dh%C4%81tup%C4%81%E1%B9%ADha (resolved as: /SanskritGrammar/grammars/GasunsDhatu_2014/gasuns-dhatu-PhD-text2#%D1%83%D1%81%D1%82%D1%80%D0%BE%D0%B9%D1%81%D1%82%D0%B2%D0%BE-dh%C4%81tup%C4%81%E1%B9%ADha)
   -> linking to #%D0%B8%D0%BD%D0%B4%D0%B8%D0%B9%D1%81%D0%BA%D0%B8%D0%B5-%D1%81%D0%BF%D0%BE%D1%81%D0%BE%D0%B1%D1%8B-%D1%86%D0%B8%D1%82%D0%B8%D1%80%D0%BE%D0%B2%D0%B0%D0%BD%D0%B8%D1%8F-%D0%BA%D0%BE%D1%80%D0%BD%D0%B5%D0%B9 (resolved as: /SanskritGrammar/grammars/GasunsDhatu_2014/gasuns-dhatu-PhD-text2#%D0%B8%D0%BD%D0%B4%D0%B8%D0%B9%D1%81%D0%BA%D0%B8%D0%B5-%D1%81%D0%BF%D0%BE%D1%81%D0%BE%D0%B1%D1%8B-%D1%86%D0%B8%D1%82%D0%B8%D1%80%D0%BE%D0%B2%D0%B0%D0%BD%D0%B8%D1%8F-%D0%BA%D0%BE%D1%80%D0%BD%D0%B5%D0%B9)
   -> linking to #%D0%BA%D0%BE%D0%BB%D0%B8%D1%87%D0%B5%D1%81%D1%82%D0%B2%D0%BE-%D0%BA%D0%BE%D1%80%D0%BD%D0%B5%D0%B9-%D0%B2-%D1%81%D0%B0%D0%BD%D1%81%D0%BA%D1%80%D0%B8%D1%82%D0%B5 (resolved as: /SanskritGrammar/grammars/GasunsDhatu_2014/gasuns-dhatu-PhD-text2#%D0%BA%D0%BE%D0%BB%D0%B8%D1%87%D0%B5%D1%81%D1%82%D0%B2%D0%BE-%D0%BA%D0%BE%D1%80%D0%BD%D0%B5%D0%B9-%D0%B2-%D1%81%D0%B0%D0%BD%D1%81%D0%BA%D1%80%D0%B8%D1%82%D0%B5)
   -> linking to #%D1%81%D1%82%D0%B0%D1%82%D0%B8%D1%81%D1%82%D0%B8%D1%87%D0%B5%D1%81%D0%BA%D0%B8%D0%B5-%D1%85%D0%B0%D1%80%D0%B0%D0%BA%D1%82%D0%B5%D1%80%D0%B8%D1%81%D1%82%D0%B8%D0%BA%D0%B8-%D1%81%D0%B0%D0%BD%D1%81%D0%BA%D1%80%D0%B8%D1%82%D0%B0 (resolved as: /SanskritGrammar/grammars/GasunsDhatu_2014/gasuns-dhatu-PhD-text2#%D1%81%D1%82%D0%B0%D1%82%D0%B8%D1%81%D1%82%D0%B8%D1%87%D0%B5%D1%81%D0%BA%D0%B8%D0%B5-%D1%85%D0%B0%D1%80%D0%B0%D0%BA%D1%82%D0%B5%D1%80%D0%B8%D1%81%D1%82%D0%B8%D0%BA%D0%B8-%D1%81%D0%B0%D0%BD%D1%81%D0%BA%D1%80%D0%B8%D1%82%D0%B0)
   -> linking to #%D1%80%D0%B0%D1%81%D0%BF%D1%80%D0%B5%D0%B4%D0%B5%D0%BB%D0%B5%D0%BD%D0%B8%D0%B5-%D1%80%D1%8F%D0%B4%D0%BE%D0%B2-%D1%81%D0%BE%D0%B3%D0%BB%D0%B0%D1%81%D0%BD%D1%8B%D1%85 (resolved as: /SanskritGrammar/grammars/GasunsDhatu_2014/gasuns-dhatu-PhD-text2#%D1%80%D0%B0%D1%81%D0%BF%D1%80%D0%B5%D0%B4%D0%B5%D0%BB%D0%B5%D0%BD%D0%B8%D0%B5-%D1%80%D1%8F%D0%B4%D0%BE%D0%B2-%D1%81%D0%BE%D0%B3%D0%BB%D0%B0%D1%81%D0%BD%D1%8B%D1%85)
   -> linking to #%D1%81%D1%82%D1%80%D1%83%D0%BA%D1%82%D1%83%D1%80%D0%B0-%D0%B3%D0%BB%D0%B0%D0%B3%D0%BE%D0%BB%D1%8C%D0%BD%D0%BE%D0%B3%D0%BE-%D0%BA%D0%BE%D1%80%D0%BD%D1%8F (resolved as: /SanskritGrammar/grammars/GasunsDhatu_2014/gasuns-dhatu-PhD-text2#%D1%81%D1%82%D1%80%D1%83%D0%BA%D1%82%D1%83%D1%80%D0%B0-%D0%B3%D0%BB%D0%B0%D0%B3%D0%BE%D0%BB%D1%8C%D0%BD%D0%BE%D0%B3%D0%BE-%D0%BA%D0%BE%D1%80%D0%BD%D1%8F)
   -> linking to #%D1%81%D0%BF%D0%BE%D1%81%D0%BE%D0%B1%D1%8B-%D0%BC%D0%BE%D1%80%D1%84%D0%BE%D0%BD%D0%BE%D0%BB%D0%BE%D0%B3%D0%B8%D1%87%D0%B5%D1%81%D0%BA%D0%BE%D0%B9-%D0%B7%D0%B0%D0%BF%D0%B8%D1%81%D0%B8 (resolved as: /SanskritGrammar/grammars/GasunsDhatu_2014/gasuns-dhatu-PhD-text2#%D1%81%D0%BF%D0%BE%D1%81%D0%BE%D0%B1%D1%8B-%D0%BC%D0%BE%D1%80%D1%84%D0%BE%D0%BD%D0%BE%D0%BB%D0%BE%D0%B3%D0%B8%D1%87%D0%B5%D1%81%D0%BA%D0%BE%D0%B9-%D0%B7%D0%B0%D0%BF%D0%B8%D1%81%D0%B8)
   -> linking to #%D0%B8%D0%B7%D0%B2%D0%B5%D1%81%D1%82%D0%BD%D1%8B%D0%B5-%D0%BA%D0%BB%D0%B0%D1%81%D1%81%D0%B8%D1%84%D0%B8%D0%BA%D0%B0%D1%86%D0%B8%D0%B8-%D0%B8-%D1%81%D0%BF%D0%B8%D1%81%D0%BA%D0%B8-%D0%BA%D0%BE%D1%80%D0%BD%D0%B5%D0%B9 (resolved as: /SanskritGrammar/grammars/GasunsDhatu_2014/gasuns-dhatu-PhD-text2#%D0%B8%D0%B7%D0%B2%D0%B5%D1%81%D1%82%D0%BD%D1%8B%D0%B5-%D0%BA%D0%BB%D0%B0%D1%81%D1%81%D0%B8%D1%84%D0%B8%D0%BA%D0%B0%D1%86%D0%B8%D0%B8-%D0%B8-%D1%81%D0%BF%D0%B8%D1%81%D0%BA%D0%B8-%D0%BA%D0%BE%D1%80%D0%BD%D0%B5%D0%B9)
   -> linking to #%D0%BC%D0%B0%D1%82%D0%B5%D1%80%D0%B8%D0%B0%D0%BB%D1%8B-%D0%B4%D0%BB%D1%8F-%D0%BA%D0%BE%D0%BD%D0%BA%D0%BE%D1%80%D0%B4%D0%B0%D0%BD%D1%81%D0%B0-%D0%B4%D1%80%D0%B5%D0%B2%D0%BD%D0%B5%D0%B8%D0%BD%D0%B4%D0%B8%D0%B9%D1%81%D0%BA%D0%B8%D1%85-%D0%BA%D0%BE%D1%80%D0%BD%D0%B5%D0%B9 (resolved as: /SanskritGrammar/grammars/GasunsDhatu_2014/gasuns-dhatu-PhD-text2#%D0%BC%D0%B0%D1%82%D0%B5%D1%80%D0%B8%D0%B0%D0%BB%D1%8B-%D0%B4%D0%BB%D1%8F-%D0%BA%D0%BE%D0%BD%D0%BA%D0%BE%D1%80%D0%B4%D0%B0%D0%BD%D1%81%D0%B0-%D0%B4%D1%80%D0%B5%D0%B2%D0%BD%D0%B5%D0%B8%D0%BD%D0%B4%D0%B8%D0%B9%D1%81%D0%BA%D0%B8%D1%85-%D0%BA%D0%BE%D1%80%D0%BD%D0%B5%D0%B9)
   -> linking to #section-14 (resolved as: /SanskritGrammar/grammars/GasunsDhatu_2014/gasuns-dhatu-PhD-text2#section-14)
- Broken anchor on source page path = /SanskritGrammar/grammars/TolchelnikovTalmud_2026/Talmud-2.1.6:
   -> linking to #i.-%D1%82%D0%B5%D0%BE%D1%80%D0%B8%D1%8F-%D1%81%D0%BC%D1%8B%D1%81%D0%BB-%D1%82%D0%B5%D0%BA%D1%81%D1%82 (resolved as: /SanskritGrammar/grammars/TolchelnikovTalmud_2026/Talmud-2.1.6#i.-%D1%82%D0%B5%D0%BE%D1%80%D0%B8%D1%8F-%D1%81%D0%BC%D1%8B%D1%81%D0%BB-%D1%82%D0%B5%D0%BA%D1%81%D1%82)
   -> linking to #p-p (resolved as: /SanskritGrammar/grammars/TolchelnikovTalmud_2026/Talmud-2.1.6#p-p)
   -> linking to #_Toc210674426 (resolved as: /SanskritGrammar/grammars/TolchelnikovTalmud_2026/Talmud-2.1.6#_Toc210674426)
   -> linking to #prsr-e-e (resolved as: /SanskritGrammar/grammars/TolchelnikovTalmud_2026/Talmud-2.1.6#prsr-e-e)
   -> linking to #prfr-e-e (resolved as: /SanskritGrammar/grammars/TolchelnikovTalmud_2026/Talmud-2.1.6#prfr-e-e)
   -> linking to #aorr-e-e (resolved as: /SanskritGrammar/grammars/TolchelnikovTalmud_2026/Talmud-2.1.6#aorr-e-e)
   -> linking to #desr-e-e (resolved as: /SanskritGrammar/grammars/TolchelnikovTalmud_2026/Talmud-2.1.6#desr-e-e)
   -> linking to #intr-e-e (resolved as: /SanskritGrammar/grammars/TolchelnikovTalmud_2026/Talmud-2.1.6#intr-e-e)

[SUCCESS] Generated static files in "build".
[INFO] Use `npm run serve` command to test your build locally.
